../Core/Src/main.c:55:13:uprintln	24	static
../Core/Src/main.c:60:13:uprintf	176	static
../Core/Src/main.c:70:13:I2C_Scan	24	static
../Core/Src/main.c:87:26:HTS221_ReadCal_T	48	static
../Core/Src/main.c:119:26:HTS221_Init	32	static
../Core/Src/main.c:153:26:HTS221_ReadTemp_C	48	static
../Core/Src/main.c:173:5:main	56	static
../Core/Src/main.c:220:6:SystemClock_Config	96	static
../Core/Src/main.c:248:13:MX_I2C2_Init	8	static
../Core/Src/main.c:267:13:MX_USART1_UART_Init	8	static
../Core/Src/main.c:280:13:MX_GPIO_Init	32	static
../Core/Src/main.c:294:6:Error_Handler	8	static,ignoring_inline_asm
